+ quantum-coupling -i inventory test.yml
++ set +x
