+ quantum-coupling -i inventory test_dryrun.yml
++ set +x
