v2_coupling_on_start
v2_on_any
v2_coupling_on_play_start
v2_on_any
v2_coupling_on_task_start
v2_on_any
v2_runner_on_start
v2_on_any
v2_runner_on_ok
v2_on_any
v2_coupling_on_stats
v2_on_any
