+ quantum-coupling -i localhost, -c local quiet.yml
++ set +x
